0 verbose cli C:\Users\Tulsi Gold & Silver\AppData\Local\Microsoft\WinGet\Packages\OpenJS.NodeJS.LTS_Microsoft.Winget.Source_8wekyb3d8bbwe\node-v24.19.0-win-x64\node.exe C:\Users\Tulsi Gold & Silver\AppData\Local\Microsoft\WinGet\Packages\OpenJS.NodeJS.LTS_Microsoft.Winget.Source_8wekyb3d8bbwe\node-v24.19.0-win-x64\node_modules\npm\bin\npm-cli.js
1 info using npm@11.17.0
2 info using node@v24.19.0
3 silly config load:file:C:\Users\Tulsi Gold & Silver\AppData\Local\Microsoft\WinGet\Packages\OpenJS.NodeJS.LTS_Microsoft.Winget.Source_8wekyb3d8bbwe\node-v24.19.0-win-x64\node_modules\npm\npmrc
4 silly config load:file:E:\Soni_Navratri\.npmrc
5 silly config load:file:C:\Users\Tulsi Gold & Silver\.npmrc
6 silly config load:file:C:\Users\Tulsi Gold & Silver\AppData\Local\Microsoft\WinGet\Packages\OpenJS.NodeJS.LTS_Microsoft.Winget.Source_8wekyb3d8bbwe\node-v24.19.0-win-x64\etc\npmrc
7 verbose title npm exec vite --port 3000 --host
8 verbose argv "exec" "--" "vite" "--port" "3000" "--host"
9 verbose logfile logs-max:10 dir:e:\Soni_Navratri\.npm_cache\_logs\2026-08-19T05_52_38_849Z-
10 verbose logfile e:\Soni_Navratri\.npm_cache\_logs\2026-08-19T05_52_38_849Z-debug-0.log
11 silly logfile done cleaning log files
12 silly packumentCache heap:4496293888 maxSize:1124073472 maxEntrySize:562036736
13 verbose shrinkwrap failed to load node_modules/.package-lock.json out of date, updated: node_modules
14 http fetch GET 200 https://registry.npmjs.org/npm 414ms
15 verbose cwd E:\Soni_Navratri
16 verbose os Windows_NT 10.0.26200
17 verbose node v24.19.0
18 verbose npm  v11.17.0
19 notice
19 notice New major version of npm available! 11.17.0 -> 12.0.2
19 notice Changelog: https://github.com/npm/cli/releases/tag/v12.0.2
19 notice To update run: npm install -g npm@12.0.2
19 notice  { force: true, Symbol(proc-log.meta): true }
20 verbose exit 1
21 verbose code 1
